  Determining projects to restore...
  All projects are up-to-date for restore.
  UltimateSTLMaker.Core -> C:\Users\Daolyap\Documents\Projects\STL Maker\UltimateSTLMaker.Core\bin\Debug\net10.0-windows\UltimateSTLMaker.Core.dll
  UltimateSTLMaker.Infrastructure -> C:\Users\Daolyap\Documents\Projects\STL Maker\UltimateSTLMaker.Infrastructure\bin\Debug\net10.0-windows\UltimateSTLMaker.Infrastructure.dll
C:\Program Files\dotnet\sdk\10.0.101\Sdks\Microsoft.NET.Sdk.WindowsDesktop\targets\Microsoft.WinFX.targets(211,9): error MC1002: Library project file cannot specify ApplicationDefinition element. [C:\Users\Daolyap\Documents\Projects\STL Maker\UltimateSTLMaker.Desktop\UltimateSTLMaker.Desktop.csproj]
C:\Program Files\dotnet\sdk\10.0.101\Sdks\Microsoft.NET.Sdk.WindowsDesktop\targets\Microsoft.WinFX.targets(211,9): error BG1003: The project file contains a property value that is not valid. [C:\Users\Daolyap\Documents\Projects\STL Maker\UltimateSTLMaker.Desktop\UltimateSTLMaker.Desktop.csproj]

Build FAILED.

C:\Program Files\dotnet\sdk\10.0.101\Sdks\Microsoft.NET.Sdk.WindowsDesktop\targets\Microsoft.WinFX.targets(211,9): error MC1002: Library project file cannot specify ApplicationDefinition element. [C:\Users\Daolyap\Documents\Projects\STL Maker\UltimateSTLMaker.Desktop\UltimateSTLMaker.Desktop.csproj]
C:\Program Files\dotnet\sdk\10.0.101\Sdks\Microsoft.NET.Sdk.WindowsDesktop\targets\Microsoft.WinFX.targets(211,9): error BG1003: The project file contains a property value that is not valid. [C:\Users\Daolyap\Documents\Projects\STL Maker\UltimateSTLMaker.Desktop\UltimateSTLMaker.Desktop.csproj]
    0 Warning(s)
    2 Error(s)

Time Elapsed 00:00:02.85
